 a a a a a a a a a a a a a a a a a a a a a a a a a a a a a a a a a a a a a a a a a a a a a a a a a a
 a a a a a a a a a a a a a a a a a a a a a a a a a a a a a a a a a a a a a a a a a a a a a a a a a a
 a a a a a a a a a a a a a a a a a a a a a a a a a a a a a a a a a a a a a a a a a a a a a a a a a a
 a a a a a a a a a a a a a a a a a a a a a a a a a a a a a a a a a a a a a a a a a a a a a a a a a a
 a a a a a a a a a a a a a a a a a a a a a a a a a a a a a a a a a a a a a a a a a a a a a a a a a a
 a a a a a a a a a a a a a a a a a a a a a a a a a a a a a a a a a a a a a a a a a a a a a a a a a a
 a a a a a n e e e e e e e e e e e e e e e e e e e e e e e e e e e e e e e e e e e e e e m a a a a a
 a a a a a l b b b b b b b b b b b b b b b b b b b b b b b b b b b b b b b b b b b b b b k a a a a a
 a a a a a l b b b b b b b b b b b b b b b b b b b b b b b b b b b b b b b b b b b b b b k a a a a a
 a a a a a l b b b b b b b b b b b b b b b b b b b b b b b b b b b b b b b b b b b b b b k a a a a a
 a a a a a l b b b b b b b b b b b b b b b b b b b b b b b b b b b b b b b b b b b b b b k a a a a a
 a a a a a l b b b b i e e e e e e e e e e e e e e e e e e e e e e e e e e e e e e e e e k a a a a a
 a a a a a l b b b b b b b b b b b b b b b b b b b b b b b b b b b b b b b b b b b b b b k a a a a a
 a a a a a l b b b b b b b b b b b b b b b b b b b b b b b b b b b b b b b b b b b b b b k a a a a a
 a a a a a l b b b b b b b b b b b b b b b b b b b b b b b b b b b b b b b b b b b b b b k a a a a a
 a a a a a l b b b b b b b b b b b b b b b b b b b b b b b b b b b b b b b b b b b b b b k a a a a a
 a a a a a l e e e e e e e e e e e e e e e e e e e e e e e e e e e e e e e e e j b b b b k a a a a a
 a a a a a l b b b b b b b b b b b b b b b b b b b b b b b b b b b b b b b b b b b b b b k a a a a a
 a a a a a l b b b b b b b b b b b b b b b b b b b b b b b b b b b b b b b b b b b b b b k a a a a a
 a a a a a l b b b b b b b b b b b b b b b b b b b b b b b b b b b b b b b b b b b b b b k a a a a a
 a a a a a l b b b b b b b b b b b b b b b b b b b b b b b b b b b b b b b b b b b b b b k a a a a a
 a a a a a l b b b b i e e e e e e e e e e e e e e e e e e e e e e e e e e e e e e e e e k a a a a a
 a a a a a l b b b b b b b b b b b b b b b b b b b b b b b b b b b b b b b b b b b b b b k a a a a a
 a a a a a l b b b b b b b b b b b b b b b b b b b b b b b b b b b b b b b b b b b b b b k a a a a a
 a a a a a l b b b b b b b b b b b b b b b b b b b b b b b b b b b b b b b b b b b b b b k a a a a a
 a a a a a l b b b b b b b b b b b b b b b b b b b b b b b b b b b b b b b b b b b b b b k a a a a a
 a a a a a l e e e e e e e e e e e e e e b b b b b b b e e e e e e e e e e e e j b b b b k a a a a a
 a a a a a l b b b b b b b b b b b b b b b b b b b b b b b b b b b b b b b b b b b b b b k a a a a a
 a a a a a l b b b b b b b b b b b b b b b b b b b b b b b b b b b b b b b b b b b b b b k a a a a a
 a a a a a l b b b b b b b b b b b b b b b b b b b b b b b b b b b b b b b b b b b b b b k a a a a a
 a a a a a l b b b b b b b b b b b b b b b b b b b b b b b b b b b b b b b b b b b b b b k a a a a a
 a a a a a l b b b b i e e e e e e e e e e e e e e e e e e e e e e e e e e e e e e e e e k a a a a a
 a a a a a l b b b b b b b b b b b b b b b b b b b b b b b b b b b b b b b b b b b b b b k a a a a a
 a a a a a l b b b b b b b b b b b b b b b b b b b b b b b b b b b b b b b b b b b b b b k a a a a a
 a a a a a l b b b b b b b b b b b b b b b b b b b b b b b b b b b b b b b b b b b b b b k a a a a a
 a a a a a l b b b b b b b b b b b b b b b b b b b b b b b b b b b b b b b b b b b b b b k a a a a a
 a a a a a l e e e e e e e e e e e e e e e e e e e e e e e e e e e e e e e e e j b b b b k a a a a a
 a a a a a l b b b b b b b b b b b b b b b b b b b b b b b b b b b b b b b b b b b b b b k a a a a a
 a a a a a l b b b b b b b b b b b b b b b b b b b b b b b b b b b b b b b b b b b b b b k a a a a a
 a a a a a l b b b b b b b b b b b b b b b b b b b b b b b b b b b b b b b b b b b b b b k a a a a a
 a a a a a l b b b b b b b b b b b b b b b b b b b b b b b b b b b b b b b b b b b b b b k a a a a a
 a a a a a i e e e e e e e e e e e e e e e e e e e e e e e e e e e e e e e e e e e e e e j a a a a a
 a a a a a a a a a a a a a a a a a a a a a a a a a a a a a a a a a a a a a a a a a a a a a a a a a a
 a a a a a a a a a a a a a a a a a a a a a a a a a a a a a a a a a a a a a a a a a a a a a a a a a a
 a a a a a a a a a a a a a a a a a a a a a a a a a a a a a a a a a a a a a a a a a a a a a a a a a a
 a a a a a a a a a a a a a a a a a a a a a a a a a a a a a a a a a a a a a a a a a a a a a a a a a a
 a a a a a a a a a a a a a a a a a a a a a a a a a a a a a a a a a a a a a a a a a a a a a a a a a a
 a a a a a a a a a a a a a a a a a a a a a a a a a a a a a a a a a a a a a a a a a a a a a a a a a a
 a a a a a a a a a a a a a a a a a a a a a a a a a a a a a a a a a a a a a a a a a a a a a a a a a a
 a a a a a a a a a a a a a a a a a a a a a a a a a a a a a a a a a a a a a a a a a a a a a a a a a a
