 a a a a a a a a a a a a a a a a a a a a a a a a a a a a a a a a a a a a a a a a a a a a a a a a a a
 a a a a a a a a a a a a a a a a a a a a a a a a a a a a a a a a a a a a a a a a a a a a a a a a a a
 a a a a a a a a a a a a a a a a a a a a a a a a a a a a a a a a a a a a a a a a a a a a a a a a a a
 a a a a a a a a a a a a a a a a a a a a a a a a a a a a a a a a a a a a a a a a a a a a a a a a a a
 a a a a a a a a a a a a a a a a a a a a a a a a a a a a a a a a a a a a a a a a a a a a a a a a a a
 a a a a a a a a n e e e e e e e e e e e e e e e e e e e e e e e e e e e e e e e e e e m a a a a a a
 a a a a a a a a l b b b b b b b b b b b b b b b b b b b b b b b b b b b b b b b b b b k a a a a a a
 a a a a a a a a l b b b b b b b b b b b b b b b b b b b b b b b b b b b b b b b b b b k a a a a a a
 a a a a a a a a l b b b b b b b b b b b b b b b b b b b b b b b b b b b b b b b b b b k a a a a a a
 a a a a a a a a l b b b e e e e e e e e e e e e m e e e n e e e e e e e e e e m b b b k a a a a a a
 a a a a a a a a l b b b b b b b b b b b b b b b k a a a l b b b b b b b b b b k b b b k a a a a a a
 a a a a a a a a l b b b b b b b b b b b b b b b k a a a l b b b b b b b b b b k b b b k a a a a a a
 a a a a a a a a l b b b b b b b b b b b b b b b k a a a l b b b b b b b b b b k b b b k a a a a a a
 a a a a a a a a l b b b b b b b b b b b b b b b k a a a l b b b b b b b b b b k b b b k a a a a a a
 a a a a a a a a l b b b b b b b b b b b b b b b k a a a l b b b b b b b b b b k b b b k a a a a a a
 a a a a a a a a l b b b b b b b b b b b b b b b k a a a l b b b b b b b b b b k b b b k a a a a a a
 a a a a a a a a l b b b b b b b b b b b b b b b k a a a l b b b b b b b b b b k b b b k a a a a a a
 a a a a a a a a l b b b b b b b b b b b b b b b k a a a l b b b b b b b b b b k b b b k a a a a a a
 a a a a a a a a l b b b b b b b b b b b b b b b k a a a l b b b b b b b b b b b b b b k a a a a a a
 a a a a a a a a l b b b b b b b b e e e e e e b k a a a l b b b b b b b b b b b b b b k a a a a a a
 a a a a a a a a e e e e e e e e e e a a a a a e e a a a l b b b b b b b b b b b b b b k a a a a a a
 a a a a a a a a l a a a a a a a a a a a a a a a a a a a e e e e e e e e e e m b b b b k a a a a a a
 a a a a a a a a l a a a a a a a a a a a a a a a a a a a a a a a a a a a a a k b b b b k a a a a a a
 a a a a a a a a l a a a a a a a a a a a a a a a a a a a a a a a a a a a a a k b b b b k a a a a a a
 a a a a a a a a l a a a a a a a a a a a a a n e e e e m a a a a a a a a a a k b b b b k a a a a a a
 a a a a a a a a n e e e e e e e e e e e e e j b b b b i e e e e m a a a a a k b b b b k a a a a a a
 a a a a a a a a l a a a a a a a l b b b b b b b b b b b b b b b k a a a a a k b b b b k a a a a a a
 a a a a a a a a l a a a a a a a l b b b b b b b b b b b b b b b k a a a a a k b b b b k a a a a a a
 a a a a a a a a l a a a a a a a l b b b b b b b b b b b b b b b k a a a a a k b b b b k a a a a a a
 a a a a a a a a l a a a a a a a l b b b b b b b b b b b b b b b k a a a a a k b b b b k a a a a a a
 a a a a a a a a l a a a a a a a l b b b b b b b b b b b b b b b k a a a a a k b b b b k a a a a a a
 a a a a a a a a l e e e e e e e e e e e e e b b b b b n e e e e e a a a a a k b b b b k a a a a a a
 a a a a a a a a l b b b b b b b b b b b b b b b b b b l a a a a a a a a a a k b b b b k a a a a a a
 a a a a a a a a l b b b b b b b b b b b b b b b b b b l a a a a a a a a a a k b b b b k a a a a a a
 a a a a a a a a l b b b b b b b b b b b b b b b b b b l a a a a a a a a a a k b b b b k a a a a a a
 a a a a a a a a l b b b b b e e e e e e e e e e e e e l a a a a a a a a a a k b b b b k a a a a a a
 a a a a a a a a l b b b b b b b b b b b b b b b b b b l a a a a a a a a a a k b b b b k a a a a a a
 a a a a a a a a l b b b b b b b b b b b b b b b b b b l a a a a a a a a a a k b b b b k a a a a a a
 a a a a a a a a l b b b b b b b b b b b b b b b b b b l a a a a a a a a a a k b b b b k a a a a a a
 a a a a a a a a l b b b b b b b b b b b b b b b b b b l a a a a a a a a a a k b b b b k a a a a a a
 a a a a a a a a l b b b b b b b b b b b b b b b b b b e e e e e e e e e e e e b b b b k a a a a a a
 a a a a a a a a l b b b b b b b b b b b b b b b b b b b b b b b b b b b b b b b b b b k a a a a a a
 a a a a a a a a l b b b b b b b b b b b b b b b b b b b b b b b b b b b b b b b b b b k a a a a a a
 a a a a a a a a l b b b b b b b b b b b b b b b b b b b b b b b b b b b b b b b b b b k a a a a a a
 a a a a a a a a i e e e e e e e e e e e e e e e e e e e e e e e e e e e e e e e e e e j a a a a a a
 a a a a a a a a a a a a a a a a a a a a a a a a a a a a a a a a a a a a a a a a a a a a a a a a a a
 a a a a a a a a a a a a a a a a a a a a a a a a a a a a a a a a a a a a a a a a a a a a a a a a a a
 a a a a a a a a a a a a a a a a a a a a a a a a a a a a a a a a a a a a a a a a a a a a a a a a a a
 a a a a a a a a a a a a a a a a a a a a a a a a a a a a a a a a a a a a a a a a a a a a a a a a a a
 a a a a a a a a a a a a a a a a a a a a a a a a a a a a a a a a a a a a a a a a a a a a a a a a a a
